2026-05-28 14:44:27 [main] INFO  c.c.m.ClubManagementApplication - Starting ClubManagementApplication using Java 11 on MSI with PID 1816 (D:\Aijava\javaproject\260509\solocodeJava\v72\appsysjava72\backend\target\classes started by 20807 in D:\Aijava\javaproject\260509\solocodeJava\v72\appsysjava72\backend)
2026-05-28 14:44:27 [main] DEBUG c.c.m.ClubManagementApplication - Running with Spring Boot v2.7.18, Spring v5.3.31
2026-05-28 14:44:27 [main] INFO  c.c.m.ClubManagementApplication - No active profile set, falling back to 1 default profile: "default"
2026-05-28 14:44:28 [main] INFO  o.s.d.r.c.RepositoryConfigurationDelegate - Multiple Spring Data modules found, entering strict repository configuration mode
2026-05-28 14:44:28 [main] INFO  o.s.d.r.c.RepositoryConfigurationDelegate - Bootstrapping Spring Data Redis repositories in DEFAULT mode.
2026-05-28 14:44:28 [main] INFO  o.s.d.r.c.RepositoryConfigurationDelegate - Finished Spring Data repository scanning in 19 ms. Found 0 Redis repository interfaces.
2026-05-28 14:44:29 [main] INFO  o.s.b.w.e.tomcat.TomcatWebServer - Tomcat initialized with port(s): 8080 (http)
2026-05-28 14:44:29 [main] INFO  o.a.catalina.core.StandardService - Starting service [Tomcat]
2026-05-28 14:44:29 [main] INFO  o.a.catalina.core.StandardEngine - Starting Servlet engine: [Apache Tomcat/9.0.83]
2026-05-28 14:44:29 [main] INFO  o.a.c.c.C.[.[localhost].[/api] - Initializing Spring embedded WebApplicationContext
2026-05-28 14:44:29 [main] INFO  o.s.b.w.s.c.ServletWebServerApplicationContext - Root WebApplicationContext: initialization completed in 1542 ms
2026-05-28 14:44:29 [main] INFO  com.zaxxer.hikari.HikariDataSource - HikariPool-1 - Starting...
2026-05-28 14:44:29 [main] INFO  com.zaxxer.hikari.HikariDataSource - HikariPool-1 - Start completed.
2026-05-28 14:44:29 [main] INFO  o.s.b.a.h.H2ConsoleAutoConfiguration - H2 console available at '/h2-console'. Database available at 'jdbc:h2:mem:clubdb'
2026-05-28 14:44:32 [main] INFO  o.s.b.w.e.tomcat.TomcatWebServer - Tomcat started on port(s): 8080 (http) with context path '/api'
2026-05-28 14:44:32 [main] INFO  c.c.m.ClubManagementApplication - Started ClubManagementApplication in 4.777 seconds (JVM running for 6.26)
2026-05-28 19:07:25 [main] INFO  c.c.m.ClubManagementApplication - Starting ClubManagementApplication using Java 11 on MSI with PID 20152 (D:\Aijava\javaproject\260509\solocodeJava\v72\appsysjava72\backend\target\classes started by 20807 in D:\Aijava\javaproject\260509\solocodeJava\v72\appsysjava72\backend)
2026-05-28 19:07:25 [main] DEBUG c.c.m.ClubManagementApplication - Running with Spring Boot v2.7.18, Spring v5.3.31
2026-05-28 19:07:25 [main] INFO  c.c.m.ClubManagementApplication - No active profile set, falling back to 1 default profile: "default"
2026-05-28 19:07:25 [main] INFO  o.s.d.r.c.RepositoryConfigurationDelegate - Multiple Spring Data modules found, entering strict repository configuration mode
2026-05-28 19:07:25 [main] INFO  o.s.d.r.c.RepositoryConfigurationDelegate - Bootstrapping Spring Data Redis repositories in DEFAULT mode.
2026-05-28 19:07:25 [main] INFO  o.s.d.r.c.RepositoryConfigurationDelegate - Finished Spring Data repository scanning in 15 ms. Found 0 Redis repository interfaces.
2026-05-28 19:07:26 [main] INFO  o.s.b.w.e.tomcat.TomcatWebServer - Tomcat initialized with port(s): 8080 (http)
2026-05-28 19:07:26 [main] INFO  o.a.catalina.core.StandardService - Starting service [Tomcat]
2026-05-28 19:07:26 [main] INFO  o.a.catalina.core.StandardEngine - Starting Servlet engine: [Apache Tomcat/9.0.83]
2026-05-28 19:07:26 [main] INFO  o.a.c.c.C.[.[localhost].[/api] - Initializing Spring embedded WebApplicationContext
2026-05-28 19:07:26 [main] INFO  o.s.b.w.s.c.ServletWebServerApplicationContext - Root WebApplicationContext: initialization completed in 1398 ms
2026-05-28 19:07:26 [main] INFO  com.zaxxer.hikari.HikariDataSource - HikariPool-1 - Starting...
2026-05-28 19:07:26 [main] INFO  com.zaxxer.hikari.HikariDataSource - HikariPool-1 - Start completed.
2026-05-28 19:07:26 [main] INFO  o.s.b.a.h.H2ConsoleAutoConfiguration - H2 console available at '/h2-console'. Database available at 'jdbc:h2:mem:clubdb'
2026-05-28 19:07:28 [main] WARN  o.s.b.w.s.c.AnnotationConfigServletWebServerApplicationContext - Exception encountered during context initialization - cancelling refresh attempt: org.springframework.context.ApplicationContextException: Failed to start bean 'webServerStartStop'; nested exception is org.springframework.boot.web.server.PortInUseException: Port 8080 is already in use
2026-05-28 19:07:28 [main] INFO  com.zaxxer.hikari.HikariDataSource - HikariPool-1 - Shutdown initiated...
2026-05-28 19:07:28 [main] INFO  com.zaxxer.hikari.HikariDataSource - HikariPool-1 - Shutdown completed.
2026-05-28 19:07:28 [main] INFO  o.a.catalina.core.StandardService - Stopping service [Tomcat]
2026-05-28 19:07:28 [main] INFO  o.s.b.a.l.ConditionEvaluationReportLoggingListener - 

Error starting ApplicationContext. To display the conditions report re-run your application with 'debug' enabled.
2026-05-28 19:07:28 [main] ERROR o.s.b.d.LoggingFailureAnalysisReporter - 

***************************
APPLICATION FAILED TO START
***************************

Description:

Web server failed to start. Port 8080 was already in use.

Action:

Identify and stop the process that's listening on port 8080 or configure this application to listen on another port.

2026-05-28 19:17:16 [main] INFO  c.c.m.ClubManagementApplication - Starting ClubManagementApplication using Java 11 on MSI with PID 27220 (D:\Aijava\javaproject\260509\solocodeJava\v72\appsysjava72\backend\target\classes started by 20807 in D:\Aijava\javaproject\260509\solocodeJava\v72\appsysjava72\backend)
2026-05-28 19:17:16 [main] DEBUG c.c.m.ClubManagementApplication - Running with Spring Boot v2.7.18, Spring v5.3.31
2026-05-28 19:17:16 [main] INFO  c.c.m.ClubManagementApplication - No active profile set, falling back to 1 default profile: "default"
2026-05-28 19:17:16 [main] INFO  o.s.d.r.c.RepositoryConfigurationDelegate - Multiple Spring Data modules found, entering strict repository configuration mode
2026-05-28 19:17:16 [main] INFO  o.s.d.r.c.RepositoryConfigurationDelegate - Bootstrapping Spring Data Redis repositories in DEFAULT mode.
2026-05-28 19:17:16 [main] INFO  o.s.d.r.c.RepositoryConfigurationDelegate - Finished Spring Data repository scanning in 14 ms. Found 0 Redis repository interfaces.
2026-05-28 19:17:17 [main] INFO  o.s.b.w.e.tomcat.TomcatWebServer - Tomcat initialized with port(s): 8080 (http)
2026-05-28 19:17:17 [main] INFO  o.a.catalina.core.StandardService - Starting service [Tomcat]
2026-05-28 19:17:17 [main] INFO  o.a.catalina.core.StandardEngine - Starting Servlet engine: [Apache Tomcat/9.0.83]
2026-05-28 19:17:17 [main] INFO  o.a.c.c.C.[.[localhost].[/api] - Initializing Spring embedded WebApplicationContext
2026-05-28 19:17:17 [main] INFO  o.s.b.w.s.c.ServletWebServerApplicationContext - Root WebApplicationContext: initialization completed in 1039 ms
2026-05-28 19:17:17 [main] INFO  com.zaxxer.hikari.HikariDataSource - HikariPool-1 - Starting...
2026-05-28 19:17:17 [main] INFO  com.zaxxer.hikari.HikariDataSource - HikariPool-1 - Start completed.
2026-05-28 19:17:17 [main] INFO  o.s.b.a.h.H2ConsoleAutoConfiguration - H2 console available at '/h2-console'. Database available at 'jdbc:h2:mem:clubdb'
2026-05-28 19:17:19 [main] INFO  o.s.b.w.e.tomcat.TomcatWebServer - Tomcat started on port(s): 8080 (http) with context path '/api'
2026-05-28 19:17:19 [main] INFO  c.c.m.ClubManagementApplication - Started ClubManagementApplication in 3.472 seconds (JVM running for 4.478)
