2026-05-11 13:29:15.489 [main] INFO  c.h.a.AppointmentApplication - Starting AppointmentApplication using Java 1.8.0_121 on MSI with PID 27872 (D:\Aijava\javaproject\260509\solocodeJava\v29\appsysjava29\backend\target\classes started by 20807 in D:\Aijava\javaproject\260509\solocodeJava\v29\appsysjava29\backend)
2026-05-11 13:29:15.491 [main] DEBUG c.h.a.AppointmentApplication - Running with Spring Boot v2.7.18, Spring v5.3.31
2026-05-11 13:29:15.491 [main] INFO  c.h.a.AppointmentApplication - No active profile set, falling back to 1 default profile: "default"
2026-05-11 13:29:16.167 [main] INFO  o.s.d.r.c.RepositoryConfigurationDelegate - Bootstrapping Spring Data JPA repositories in DEFAULT mode.
2026-05-11 13:29:16.237 [main] INFO  o.s.d.r.c.RepositoryConfigurationDelegate - Finished Spring Data repository scanning in 53 ms. Found 9 JPA repository interfaces.
2026-05-11 13:29:16.703 [main] INFO  o.s.b.w.e.tomcat.TomcatWebServer - Tomcat initialized with port(s): 8080 (http)
2026-05-11 13:29:16.739 [main] INFO  o.a.catalina.core.StandardService - Starting service [Tomcat]
2026-05-11 13:29:16.739 [main] INFO  o.a.catalina.core.StandardEngine - Starting Servlet engine: [Apache Tomcat/9.0.83]
2026-05-11 13:29:16.869 [main] INFO  o.a.c.c.C.[.[localhost].[/api] - Initializing Spring embedded WebApplicationContext
2026-05-11 13:29:16.869 [main] INFO  o.s.b.w.s.c.ServletWebServerApplicationContext - Root WebApplicationContext: initialization completed in 1327 ms
2026-05-11 13:29:16.895 [main] INFO  com.zaxxer.hikari.HikariDataSource - HikariPool-1 - Starting...
2026-05-11 13:29:17.002 [main] INFO  com.zaxxer.hikari.HikariDataSource - HikariPool-1 - Start completed.
2026-05-11 13:29:17.014 [main] INFO  o.s.b.a.h.H2ConsoleAutoConfiguration - H2 console available at '/h2-console'. Database available at 'jdbc:h2:file:./data/hospital'
2026-05-11 13:29:17.063 [main] DEBUG c.h.a.s.JwtAuthenticationFilter - Filter 'jwtAuthenticationFilter' configured for use
2026-05-11 13:29:17.183 [main] INFO  o.h.jpa.internal.util.LogHelper - HHH000204: Processing PersistenceUnitInfo [name: default]
2026-05-11 13:29:17.226 [main] INFO  org.hibernate.Version - HHH000412: Hibernate ORM core version 5.6.15.Final
2026-05-11 13:29:17.332 [main] INFO  o.h.annotations.common.Version - HCANN000001: Hibernate Commons Annotations {5.1.2.Final}
2026-05-11 13:29:17.411 [main] INFO  org.hibernate.dialect.Dialect - HHH000400: Using dialect: org.hibernate.dialect.H2Dialect
2026-05-11 13:29:17.889 [main] DEBUG org.hibernate.SQL - 
    
    drop table if exists appointment CASCADE 
2026-05-11 13:29:17.891 [main] DEBUG org.hibernate.SQL - 
    
    drop table if exists department CASCADE 
2026-05-11 13:29:17.891 [main] DEBUG org.hibernate.SQL - 
    
    drop table if exists doctor CASCADE 
2026-05-11 13:29:17.891 [main] DEBUG org.hibernate.SQL - 
    
    drop table if exists operation_log CASCADE 
2026-05-11 13:29:17.894 [main] DEBUG org.hibernate.SQL - 
    
    drop table if exists patient CASCADE 
2026-05-11 13:29:17.894 [main] DEBUG org.hibernate.SQL - 
    
    drop table if exists payment CASCADE 
2026-05-11 13:29:17.894 [main] DEBUG org.hibernate.SQL - 
    
    drop table if exists schedule CASCADE 
2026-05-11 13:29:17.894 [main] DEBUG org.hibernate.SQL - 
    
    drop table if exists schedule_slot CASCADE 
2026-05-11 13:29:17.894 [main] DEBUG org.hibernate.SQL - 
    
    drop table if exists sys_user CASCADE 
2026-05-11 13:29:17.899 [main] DEBUG org.hibernate.SQL - 
    
    create table appointment (
       id bigint generated by default as identity,
        appointment_date date,
        appointment_no varchar(50),
        cancel_reason TEXT,
        consultation_fee numeric(10,2),
        created_at timestamp,
        dept_id bigint not null,
        doctor_id bigint not null,
        patient_id_card varchar(50),
        patient_name varchar(50),
        patient_phone varchar(20),
        patient_relation varchar(20),
        schedule_id bigint not null,
        slot_id bigint,
        slot_time varchar(20),
        status varchar(20),
        symptoms TEXT,
        updated_at timestamp,
        user_id bigint not null,
        primary key (id)
    )
2026-05-11 13:29:17.901 [main] DEBUG org.hibernate.SQL - 
    
    create table department (
       id bigint generated by default as identity,
        created_at timestamp,
        dept_code varchar(50),
        dept_name varchar(100) not null,
        dept_type varchar(20),
        description TEXT,
        location varchar(255),
        parent_id bigint,
        sort_order integer,
        status integer,
        updated_at timestamp,
        primary key (id)
    )
2026-05-11 13:29:17.901 [main] DEBUG org.hibernate.SQL - 
    
    create table doctor (
       id bigint generated by default as identity,
        avatar varchar(255),
        consultation_fee numeric(10,2),
        created_at timestamp,
        dept_id bigint not null,
        doctor_name varchar(50) not null,
        introduction TEXT,
        is_expert integer,
        sort_order integer,
        specialty varchar(255),
        status integer,
        title varchar(50),
        title_level varchar(20),
        updated_at timestamp,
        user_id bigint,
        primary key (id)
    )
2026-05-11 13:29:17.901 [main] DEBUG org.hibernate.SQL - 
    
    create table operation_log (
       id bigint generated by default as identity,
        error_msg TEXT,
        ip varchar(50),
        method varchar(255),
        module varchar(100),
        operation varchar(100),
        operation_time timestamp,
        request_params TEXT,
        request_uri varchar(255),
        status integer,
        user_agent varchar(255),
        user_id bigint,
        username varchar(50),
        primary key (id)
    )
2026-05-11 13:29:17.901 [main] DEBUG org.hibernate.SQL - 
    
    create table patient (
       id bigint generated by default as identity,
        allergy_history TEXT,
        birthday date,
        created_at timestamp,
        gender integer,
        id_card varchar(50),
        insurance_no varchar(50),
        is_default integer,
        patient_name varchar(50) not null,
        phone varchar(20),
        relation varchar(20),
        updated_at timestamp,
        user_id bigint not null,
        primary key (id)
    )
2026-05-11 13:29:17.901 [main] DEBUG org.hibernate.SQL - 
    
    create table payment (
       id bigint generated by default as identity,
        amount numeric(10,2) not null,
        appointment_id bigint not null,
        created_at timestamp,
        fail_reason TEXT,
        insurance_amount numeric(10,2),
        insurance_data TEXT,
        insurance_no varchar(50),
        paid_time timestamp,
        pay_method varchar(20),
        pay_status varchar(20),
        payment_no varchar(50),
        refund_reason TEXT,
        self_pay_amount numeric(10,2),
        third_party_no varchar(100),
        updated_at timestamp,
        user_id bigint not null,
        primary key (id)
    )
2026-05-11 13:29:17.901 [main] DEBUG org.hibernate.SQL - 
    
    create table schedule (
       id bigint generated by default as identity,
        available_slots integer,
        booked_slots integer,
        created_at timestamp,
        dept_id bigint not null,
        doctor_id bigint not null,
        end_time time,
        period_name varchar(50),
        schedule_date date not null,
        start_time time,
        status integer,
        time_period varchar(20),
        total_slots integer,
        updated_at timestamp,
        primary key (id)
    )
2026-05-11 13:29:17.905 [main] DEBUG org.hibernate.SQL - 
    
    create table schedule_slot (
       id bigint generated by default as identity,
        appointment_id bigint,
        created_at timestamp,
        lock_expire_time timestamp,
        lock_user_id bigint,
        schedule_id bigint not null,
        slot_end time not null,
        slot_index integer,
        slot_start time not null,
        slot_time varchar(20) not null,
        status varchar(20),
        updated_at timestamp,
        primary key (id)
    )
2026-05-11 13:29:17.905 [main] DEBUG org.hibernate.SQL - 
    
    create table sys_user (
       id bigint generated by default as identity,
        address varchar(255),
        avatar varchar(255),
        birthday date,
        created_at timestamp,
        elder_mode integer,
        email varchar(100),
        gender integer,
        id_card varchar(50),
        password varchar(255) not null,
        phone varchar(20),
        real_name varchar(50),
        status integer,
        updated_at timestamp,
        username varchar(50) not null,
        primary key (id)
    )
2026-05-11 13:29:17.905 [main] DEBUG org.hibernate.SQL - 
    
    alter table appointment 
       add constraint UK_64kcrl75cgnbaryfd2s236x2y unique (appointment_no)
2026-05-11 13:29:17.908 [main] DEBUG org.hibernate.SQL - 
    
    alter table department 
       add constraint UK_237dac6ln6kryb2aiutl0kjvu unique (dept_code)
2026-05-11 13:29:17.908 [main] DEBUG org.hibernate.SQL - 
    
    alter table payment 
       add constraint UK_282f1aooi5ycdlnvpxmlrfjjr unique (payment_no)
2026-05-11 13:29:17.908 [main] DEBUG org.hibernate.SQL - 
    
    alter table sys_user 
       add constraint UK_51bvuyvihefoh4kp5syh2jpi4 unique (username)
2026-05-11 13:29:17.910 [main] INFO  o.h.e.t.j.p.i.JtaPlatformInitiator - HHH000490: Using JtaPlatform implementation: [org.hibernate.engine.transaction.jta.platform.internal.NoJtaPlatform]
2026-05-11 13:29:17.918 [main] INFO  o.s.o.j.LocalContainerEntityManagerFactoryBean - Initialized JPA EntityManagerFactory for persistence unit 'default'
2026-05-11 13:29:18.909 [main] INFO  o.s.s.web.DefaultSecurityFilterChain - Will secure any request with [org.springframework.security.web.session.DisableEncodeUrlFilter@6968bb65, org.springframework.security.web.context.request.async.WebAsyncManagerIntegrationFilter@66682e8f, org.springframework.security.web.context.SecurityContextPersistenceFilter@4feec184, org.springframework.security.web.header.HeaderWriterFilter@33fec21, org.springframework.web.filter.CorsFilter@2d2af12e, org.springframework.security.web.authentication.logout.LogoutFilter@6c6919ff, com.hospital.appointment.security.JwtAuthenticationFilter@378cfecf, org.springframework.security.web.savedrequest.RequestCacheAwareFilter@291cbe70, org.springframework.security.web.servletapi.SecurityContextHolderAwareRequestFilter@225ddf5f, org.springframework.security.web.authentication.AnonymousAuthenticationFilter@611587f7, org.springframework.security.web.session.SessionManagementFilter@5b895e76, org.springframework.security.web.access.ExceptionTranslationFilter@cef885d, org.springframework.security.web.access.intercept.FilterSecurityInterceptor@103bcc9f]
2026-05-11 13:29:19.058 [main] WARN  o.s.b.a.o.j.JpaBaseConfiguration$JpaWebConfiguration - spring.jpa.open-in-view is enabled by default. Therefore, database queries may be performed during view rendering. Explicitly configure spring.jpa.open-in-view to disable this warning
2026-05-11 13:29:19.378 [main] INFO  o.s.b.w.e.tomcat.TomcatWebServer - Tomcat started on port(s): 8080 (http) with context path '/api'
2026-05-11 13:29:19.390 [main] INFO  c.h.a.AppointmentApplication - Started AppointmentApplication in 4.292 seconds (JVM running for 5.243)
2026-05-11 13:29:19.439 [scheduling-1] DEBUG org.hibernate.SQL - 
    select
        schedulesl0_.id as id1_7_,
        schedulesl0_.appointment_id as appointm2_7_,
        schedulesl0_.created_at as created_3_7_,
        schedulesl0_.lock_expire_time as lock_exp4_7_,
        schedulesl0_.lock_user_id as lock_use5_7_,
        schedulesl0_.schedule_id as schedule6_7_,
        schedulesl0_.slot_end as slot_end7_7_,
        schedulesl0_.slot_index as slot_ind8_7_,
        schedulesl0_.slot_start as slot_sta9_7_,
        schedulesl0_.slot_time as slot_ti10_7_,
        schedulesl0_.status as status11_7_,
        schedulesl0_.updated_at as updated12_7_ 
    from
        schedule_slot schedulesl0_ 
    where
        schedulesl0_.status='locked' 
        and schedulesl0_.lock_expire_time<?
2026-05-11 13:30:19.389 [scheduling-1] DEBUG org.hibernate.SQL - 
    select
        schedulesl0_.id as id1_7_,
        schedulesl0_.appointment_id as appointm2_7_,
        schedulesl0_.created_at as created_3_7_,
        schedulesl0_.lock_expire_time as lock_exp4_7_,
        schedulesl0_.lock_user_id as lock_use5_7_,
        schedulesl0_.schedule_id as schedule6_7_,
        schedulesl0_.slot_end as slot_end7_7_,
        schedulesl0_.slot_index as slot_ind8_7_,
        schedulesl0_.slot_start as slot_sta9_7_,
        schedulesl0_.slot_time as slot_ti10_7_,
        schedulesl0_.status as status11_7_,
        schedulesl0_.updated_at as updated12_7_ 
    from
        schedule_slot schedulesl0_ 
    where
        schedulesl0_.status='locked' 
        and schedulesl0_.lock_expire_time<?
2026-05-11 13:31:19.390 [scheduling-1] DEBUG org.hibernate.SQL - 
    select
        schedulesl0_.id as id1_7_,
        schedulesl0_.appointment_id as appointm2_7_,
        schedulesl0_.created_at as created_3_7_,
        schedulesl0_.lock_expire_time as lock_exp4_7_,
        schedulesl0_.lock_user_id as lock_use5_7_,
        schedulesl0_.schedule_id as schedule6_7_,
        schedulesl0_.slot_end as slot_end7_7_,
        schedulesl0_.slot_index as slot_ind8_7_,
        schedulesl0_.slot_start as slot_sta9_7_,
        schedulesl0_.slot_time as slot_ti10_7_,
        schedulesl0_.status as status11_7_,
        schedulesl0_.updated_at as updated12_7_ 
    from
        schedule_slot schedulesl0_ 
    where
        schedulesl0_.status='locked' 
        and schedulesl0_.lock_expire_time<?
2026-05-11 13:32:19.398 [scheduling-1] DEBUG org.hibernate.SQL - 
    select
        schedulesl0_.id as id1_7_,
        schedulesl0_.appointment_id as appointm2_7_,
        schedulesl0_.created_at as created_3_7_,
        schedulesl0_.lock_expire_time as lock_exp4_7_,
        schedulesl0_.lock_user_id as lock_use5_7_,
        schedulesl0_.schedule_id as schedule6_7_,
        schedulesl0_.slot_end as slot_end7_7_,
        schedulesl0_.slot_index as slot_ind8_7_,
        schedulesl0_.slot_start as slot_sta9_7_,
        schedulesl0_.slot_time as slot_ti10_7_,
        schedulesl0_.status as status11_7_,
        schedulesl0_.updated_at as updated12_7_ 
    from
        schedule_slot schedulesl0_ 
    where
        schedulesl0_.status='locked' 
        and schedulesl0_.lock_expire_time<?
2026-05-11 13:33:19.399 [scheduling-1] DEBUG org.hibernate.SQL - 
    select
        schedulesl0_.id as id1_7_,
        schedulesl0_.appointment_id as appointm2_7_,
        schedulesl0_.created_at as created_3_7_,
        schedulesl0_.lock_expire_time as lock_exp4_7_,
        schedulesl0_.lock_user_id as lock_use5_7_,
        schedulesl0_.schedule_id as schedule6_7_,
        schedulesl0_.slot_end as slot_end7_7_,
        schedulesl0_.slot_index as slot_ind8_7_,
        schedulesl0_.slot_start as slot_sta9_7_,
        schedulesl0_.slot_time as slot_ti10_7_,
        schedulesl0_.status as status11_7_,
        schedulesl0_.updated_at as updated12_7_ 
    from
        schedule_slot schedulesl0_ 
    where
        schedulesl0_.status='locked' 
        and schedulesl0_.lock_expire_time<?
2026-05-11 13:34:19.397 [scheduling-1] DEBUG org.hibernate.SQL - 
    select
        schedulesl0_.id as id1_7_,
        schedulesl0_.appointment_id as appointm2_7_,
        schedulesl0_.created_at as created_3_7_,
        schedulesl0_.lock_expire_time as lock_exp4_7_,
        schedulesl0_.lock_user_id as lock_use5_7_,
        schedulesl0_.schedule_id as schedule6_7_,
        schedulesl0_.slot_end as slot_end7_7_,
        schedulesl0_.slot_index as slot_ind8_7_,
        schedulesl0_.slot_start as slot_sta9_7_,
        schedulesl0_.slot_time as slot_ti10_7_,
        schedulesl0_.status as status11_7_,
        schedulesl0_.updated_at as updated12_7_ 
    from
        schedule_slot schedulesl0_ 
    where
        schedulesl0_.status='locked' 
        and schedulesl0_.lock_expire_time<?
2026-05-11 13:35:19.391 [scheduling-1] DEBUG org.hibernate.SQL - 
    select
        schedulesl0_.id as id1_7_,
        schedulesl0_.appointment_id as appointm2_7_,
        schedulesl0_.created_at as created_3_7_,
        schedulesl0_.lock_expire_time as lock_exp4_7_,
        schedulesl0_.lock_user_id as lock_use5_7_,
        schedulesl0_.schedule_id as schedule6_7_,
        schedulesl0_.slot_end as slot_end7_7_,
        schedulesl0_.slot_index as slot_ind8_7_,
        schedulesl0_.slot_start as slot_sta9_7_,
        schedulesl0_.slot_time as slot_ti10_7_,
        schedulesl0_.status as status11_7_,
        schedulesl0_.updated_at as updated12_7_ 
    from
        schedule_slot schedulesl0_ 
    where
        schedulesl0_.status='locked' 
        and schedulesl0_.lock_expire_time<?
2026-05-11 13:36:19.396 [scheduling-1] DEBUG org.hibernate.SQL - 
    select
        schedulesl0_.id as id1_7_,
        schedulesl0_.appointment_id as appointm2_7_,
        schedulesl0_.created_at as created_3_7_,
        schedulesl0_.lock_expire_time as lock_exp4_7_,
        schedulesl0_.lock_user_id as lock_use5_7_,
        schedulesl0_.schedule_id as schedule6_7_,
        schedulesl0_.slot_end as slot_end7_7_,
        schedulesl0_.slot_index as slot_ind8_7_,
        schedulesl0_.slot_start as slot_sta9_7_,
        schedulesl0_.slot_time as slot_ti10_7_,
        schedulesl0_.status as status11_7_,
        schedulesl0_.updated_at as updated12_7_ 
    from
        schedule_slot schedulesl0_ 
    where
        schedulesl0_.status='locked' 
        and schedulesl0_.lock_expire_time<?
2026-05-11 13:37:19.393 [scheduling-1] DEBUG org.hibernate.SQL - 
    select
        schedulesl0_.id as id1_7_,
        schedulesl0_.appointment_id as appointm2_7_,
        schedulesl0_.created_at as created_3_7_,
        schedulesl0_.lock_expire_time as lock_exp4_7_,
        schedulesl0_.lock_user_id as lock_use5_7_,
        schedulesl0_.schedule_id as schedule6_7_,
        schedulesl0_.slot_end as slot_end7_7_,
        schedulesl0_.slot_index as slot_ind8_7_,
        schedulesl0_.slot_start as slot_sta9_7_,
        schedulesl0_.slot_time as slot_ti10_7_,
        schedulesl0_.status as status11_7_,
        schedulesl0_.updated_at as updated12_7_ 
    from
        schedule_slot schedulesl0_ 
    where
        schedulesl0_.status='locked' 
        and schedulesl0_.lock_expire_time<?
2026-05-11 13:38:19.401 [scheduling-1] DEBUG org.hibernate.SQL - 
    select
        schedulesl0_.id as id1_7_,
        schedulesl0_.appointment_id as appointm2_7_,
        schedulesl0_.created_at as created_3_7_,
        schedulesl0_.lock_expire_time as lock_exp4_7_,
        schedulesl0_.lock_user_id as lock_use5_7_,
        schedulesl0_.schedule_id as schedule6_7_,
        schedulesl0_.slot_end as slot_end7_7_,
        schedulesl0_.slot_index as slot_ind8_7_,
        schedulesl0_.slot_start as slot_sta9_7_,
        schedulesl0_.slot_time as slot_ti10_7_,
        schedulesl0_.status as status11_7_,
        schedulesl0_.updated_at as updated12_7_ 
    from
        schedule_slot schedulesl0_ 
    where
        schedulesl0_.status='locked' 
        and schedulesl0_.lock_expire_time<?
2026-05-11 13:39:19.394 [scheduling-1] DEBUG org.hibernate.SQL - 
    select
        schedulesl0_.id as id1_7_,
        schedulesl0_.appointment_id as appointm2_7_,
        schedulesl0_.created_at as created_3_7_,
        schedulesl0_.lock_expire_time as lock_exp4_7_,
        schedulesl0_.lock_user_id as lock_use5_7_,
        schedulesl0_.schedule_id as schedule6_7_,
        schedulesl0_.slot_end as slot_end7_7_,
        schedulesl0_.slot_index as slot_ind8_7_,
        schedulesl0_.slot_start as slot_sta9_7_,
        schedulesl0_.slot_time as slot_ti10_7_,
        schedulesl0_.status as status11_7_,
        schedulesl0_.updated_at as updated12_7_ 
    from
        schedule_slot schedulesl0_ 
    where
        schedulesl0_.status='locked' 
        and schedulesl0_.lock_expire_time<?
2026-05-11 13:40:19.395 [scheduling-1] DEBUG org.hibernate.SQL - 
    select
        schedulesl0_.id as id1_7_,
        schedulesl0_.appointment_id as appointm2_7_,
        schedulesl0_.created_at as created_3_7_,
        schedulesl0_.lock_expire_time as lock_exp4_7_,
        schedulesl0_.lock_user_id as lock_use5_7_,
        schedulesl0_.schedule_id as schedule6_7_,
        schedulesl0_.slot_end as slot_end7_7_,
        schedulesl0_.slot_index as slot_ind8_7_,
        schedulesl0_.slot_start as slot_sta9_7_,
        schedulesl0_.slot_time as slot_ti10_7_,
        schedulesl0_.status as status11_7_,
        schedulesl0_.updated_at as updated12_7_ 
    from
        schedule_slot schedulesl0_ 
    where
        schedulesl0_.status='locked' 
        and schedulesl0_.lock_expire_time<?
